\BOOKMARK [1][-]{section.1}{\376\377\000I\000N\000T\000R\000O\000D\000U\000C\000T\000I\000O\000N}{}% 1
\BOOKMARK [1][-]{section.2}{\376\377\000M\000E\000T\000H\000O\000D\000S}{}% 2
\BOOKMARK [2][-]{subsection.2.1}{\376\377\000M\000o\000d\000e\000l\000\040\000O\000v\000e\000r\000v\000i\000e\000w}{section.2}% 3
\BOOKMARK [2][-]{subsection.2.2}{\376\377\000R\000a\000t\000e\000\040\000F\000u\000n\000c\000t\000i\000o\000n\000s}{section.2}% 4
\BOOKMARK [2][-]{subsection.2.3}{\376\377\000S\000t\000e\000a\000d\000y\000-\000S\000t\000a\000t\000e\000\040\000S\000o\000l\000u\000t\000i\000o\000n\000s}{section.2}% 5
\BOOKMARK [2][-]{subsection.2.4}{\376\377\000B\000a\000y\000e\000s\000i\000a\000n\000\040\000P\000a\000r\000a\000m\000e\000t\000e\000r\000\040\000E\000s\000t\000i\000m\000a\000t\000i\000o\000n}{section.2}% 6
\BOOKMARK [2][-]{subsection.2.5}{\376\377\000G\000o\000o\000d\000n\000e\000s\000s\000-\000o\000f\000-\000F\000i\000t\000\040\000A\000s\000s\000e\000s\000s\000m\000e\000n\000t}{section.2}% 7
\BOOKMARK [2][-]{subsection.2.6}{\376\377\000S\000e\000n\000s\000i\000t\000i\000v\000i\000t\000y\000\040\000A\000n\000a\000l\000y\000s\000i\000s}{section.2}% 8
\BOOKMARK [2][-]{subsection.2.7}{\376\377\000C\000o\000m\000p\000u\000t\000a\000t\000i\000o\000n\000a\000l\000\040\000I\000m\000p\000l\000e\000m\000e\000n\000t\000a\000t\000i\000o\000n}{section.2}% 9
\BOOKMARK [2][-]{subsection.2.8}{\376\377\000M\000o\000d\000e\000l\000\040\000P\000a\000r\000a\000m\000e\000t\000e\000r\000s}{section.2}% 10
\BOOKMARK [1][-]{section.3}{\376\377\000R\000E\000S\000U\000L\000T\000S}{}% 11
\BOOKMARK [2][-]{subsection.3.1}{\376\377\000T\000h\000e\000\040\000f\000o\000u\000r\000-\000c\000o\000m\000p\000a\000r\000t\000m\000e\000n\000t\000\040\000O\000D\000E\000\040\000m\000o\000d\000e\000l\000\040\000r\000e\000c\000a\000p\000i\000t\000u\000l\000a\000t\000e\000s\000\040\000t\000h\000e\000\040\000i\000n\000v\000e\000r\000s\000e\000\040\000K\000I\000V\000-\0002\000/\000L\000p\000\050\000a\000\051\000\040\000r\000e\000l\000a\000t\000i\000o\000n\000s\000h\000i\000p}{section.3}% 12
\BOOKMARK [2][-]{subsection.3.2}{\376\377\000B\000a\000y\000e\000s\000i\000a\000n\000\040\000i\000n\000f\000e\000r\000e\000n\000c\000e\000\040\000c\000o\000n\000s\000t\000r\000a\000i\000n\000s\000\040\000E\000R\000A\000D\000\040\000k\000i\000n\000e\000t\000i\000c\000s\000\040\000a\000n\000d\000\040\000r\000e\000v\000e\000a\000l\000s\000\040\000p\000o\000s\000t\000e\000r\000i\000o\000r\000\040\000p\000r\000e\000d\000i\000c\000t\000i\000v\000e\000\040\000u\000n\000c\000e\000r\000t\000a\000i\000n\000t\000y}{section.3}% 13
\BOOKMARK [2][-]{subsection.3.3}{\376\377\000S\000e\000n\000s\000i\000t\000i\000v\000i\000t\000y\000\040\000a\000n\000a\000l\000y\000s\000i\000s\000\040\000i\000d\000e\000n\000t\000i\000f\000i\000e\000s\000\040\000E\000R\000A\000D\000\040\000p\000a\000r\000a\000m\000e\000t\000e\000r\000s\000\040\000a\000s\000\040\000t\000h\000e\000\040\000d\000o\000m\000i\000n\000a\000n\000t\000\040\000r\000e\000g\000u\000l\000a\000t\000o\000r\000s\000\040\000o\000f\000\040\000L\000p\000\050\000a\000\051\000\040\000p\000r\000o\000d\000u\000c\000t\000i\000o\000n}{section.3}% 14
\BOOKMARK [1][-]{section.4}{\376\377\000D\000I\000S\000C\000U\000S\000S\000I\000O\000N\000S\000\040\000\046\000\040\000C\000O\000N\000C\000L\000U\000S\000I\000O\000N\000S}{}% 15
\BOOKMARK [2][-]{subsection.4.1}{\376\377\000M\000e\000c\000h\000a\000n\000i\000s\000t\000i\000c\000\040\000I\000n\000t\000e\000r\000p\000r\000e\000t\000a\000t\000i\000o\000n\000\040\000o\000f\000\040\000t\000h\000e\000\040\000I\000n\000v\000e\000r\000s\000e\000\040\000K\000I\000V\000-\0002\000/\000L\000p\000\050\000a\000\051\000\040\000R\000e\000l\000a\000t\000i\000o\000n\000s\000h\000i\000p}{section.4}% 16
\BOOKMARK [2][-]{subsection.4.2}{\376\377\000E\000R\000A\000D\000\040\000K\000i\000n\000e\000t\000i\000c\000s\000\040\000a\000r\000e\000\040\000t\000h\000e\000\040\000D\000o\000m\000i\000n\000a\000n\000t\000\040\000R\000e\000g\000u\000l\000a\000t\000o\000r\000\040\000o\000f\000\040\000I\000s\000o\000f\000o\000r\000m\000-\000L\000e\000n\000g\000t\000h\000-\000D\000e\000p\000e\000n\000d\000e\000n\000t\000\040\000L\000p\000\050\000a\000\051\000\040\000P\000r\000o\000d\000u\000c\000t\000i\000o\000n}{section.4}% 17
\BOOKMARK [2][-]{subsection.4.3}{\376\377\000B\000a\000y\000e\000s\000i\000a\000n\000\040\000I\000n\000f\000e\000r\000e\000n\000c\000e\000\040\000a\000n\000d\000\040\000P\000a\000r\000a\000m\000e\000t\000e\000r\000\040\000I\000d\000e\000n\000t\000i\000f\000i\000a\000b\000i\000l\000i\000t\000y}{section.4}% 18
\BOOKMARK [2][-]{subsection.4.4}{\376\377\000M\000o\000d\000e\000l\000\040\000L\000i\000m\000i\000t\000a\000t\000i\000o\000n\000s\000\040\000a\000n\000d\000\040\000S\000o\000u\000r\000c\000e\000s\000\040\000o\000f\000\040\000E\000r\000r\000o\000r}{section.4}% 19
\BOOKMARK [2][-]{subsection.4.5}{\376\377\000C\000o\000n\000c\000l\000u\000s\000i\000o\000n\000s\000\040\000a\000n\000d\000\040\000F\000u\000t\000u\000r\000e\000\040\000D\000i\000r\000e\000c\000t\000i\000o\000n\000s}{section.4}% 20
